python : .FF...
At line:1 char:1
+ python tests/test_logic_standalone.py > 
test_output.txt 2>&1
+ ~~~~~~~~~~~~~~~~~~~~~~~~~~~~~~~~~~~~~~~~~
~~~~~~~~~~~~~~~~~~~
    + CategoryInfo          : NotSpecified 
   : (.FF...:String) [], RemoteException
    + FullyQualifiedErrorId : NativeComman 
   dError
 
===========================================
===========================
FAIL: test_set_rules_dexsanity 
(__main__.TestPokepelagoLogic)
-------------------------------------------
---------------------------
Traceback (most recent call last):
  File "C:\Users\stefa\Antigravity Projects
\Pokepelago\tests\test_logic_standalone.py"
, line 220, in test_set_rules_dexsanity
    
self.assertFalse(loc_1.access_rule(state))
AssertionError: True is not false

===========================================
===========================
FAIL: test_set_rules_region_lock 
(__main__.TestPokepelagoLogic)
-------------------------------------------
---------------------------
Traceback (most recent call last):
  File "C:\Users\stefa\Antigravity Projects
\Pokepelago\tests\test_logic_standalone.py"
, line 235, in test_set_rules_region_lock
    
self.assertFalse(loc_1.access_rule(state))
AssertionError: True is not false

-------------------------------------------
---------------------------
Ran 6 tests in 0.010s

FAILED (failures=2)
Precollected count: 5
Pool count: 146
DEBUG: set_rules dex=True reg=False
DEBUG: set_rules dex=False reg=True
Pass items: ['Kanto Pass']
Type items All: ['Psychic Unlock']
Type items: ['Psychic Unlock']
